"K": 30, "title": "", "M": 61, "N": 61
#############################################################
#...#.....#...............#.....................#.#...#.....#
#.###.###.#.#####.#######.#######.###########.#.#.#.#.#.###.#
#.....#.#...#...#...#...#.#.....#.#.....#...#.#.#...#...#...#
#.#####.#######.###.#.#.#.#.###.#.#.###.#.#.#.#.#.#####.#.#.#
#.#.............#...#.#...#...#.#.#...#.#.#...#.#.#...#.#.#.#
#.###.###.#######.###.#######.#.#.###.#.#.#####.#.#.#.###.#.#
#.....#.#.#.......#.#.#.....#.#.#.....#.#.....#.#.#.#.....#.#
#######.#.#.#######.#.#.###.#.#.#######.#####.#.###.#######.#
#.#.......#.....#...#...#.#.#.#.......#...#...#...#.#.......#
#.#.###########.#.#######.#.#.#######.#####.#####.#.#.#####.#
#...#.......#...#.........#.#.....#.........#...#.#.#.#...#.#
#.###.#####.#.#####.#####.#.###.#.###########.#.#.#.###.#.#.#
#.#.#.#.......#.....#...#.#...#.#.....#...#...#.#.#.....#.#.#
#.#.#.#########.#####.###.###.#.#####.#x#.#.#####.###.###.###
#.#.#.....#...#.#...#.....#...#.#.....#.#.#.#...#...#...#...#
#.#.#####.#.#.#.###.#.#####.###.#.#####.#.#.#.#.###.#######.#
#.......#...#.#.#...#.#...#.#...#.....#.#...#.#...#...#.....#
#######.#####.#.#.#.#.#.#.#.#.#######.#.#####.#.#.###.#.###.#
#.....#.#...#.#.#.#.#.#.#.#.#.#...#...#.#...#.#.#...#...#...#
#.#####.#.#.#.#.#.###.#.#.#.#.#.###.###.#.#.#.#.#######.#####
#...#...#.#...#.#.......#.#.#...#...#...#.#...#.......#.#...#
#.#.#.###.#####.#########.#.#####.###.###.#########.###.#.#.#
#.#...#...#.....#.......#.#.....#...#.....#.......#...#.#.#.#
#######.###.#####.#####.#######.#.#.#.#####.###.#####.#.#.#.#
#.......#.....#...#...#.#.....#.#.#.#.....#...#.#.....#.#.#.#
#.#######.###.#.#####.#.#.###.#.###.#####.###.#.#.#####.#.#.#
#.#.....#...#...#.....#...#.#.#.#...#...#.....#.#.#.....#.#.#
#.#.#.#####.#######.#####.#.#.#.#.###.#########.#.#.#####.#.#
#.#.#.#...#...#.....#...#...#.....#.#.....#.....#...#.....#.#
#.###.#.#.###.#.#.###.#.###########.#.###.#.#########.#####.#
#...#...#...#.#.#.#...#.........#...#...#...#.........#.#...#
#.#.###.###.#.#.###.###########.#.###.#######.#########.#.#.#
#.#...#.#.#...#.#...#.......#...#.....#...#...#.........#.#.#
#.###.#.#.#####.#.#######.#.#.#######.#.#.#.###.###.###.#.#.#
#...#.#.........#.#.......#.#.......#.#.#...#.....#...#.#.#.#
#.###.#.#########.###.#####.#######.#.#.###########.#.#.#.###
#.#...#.#.........#...#.#...#.......#.#.#.........#.#.#.#...#
#.#.#.###.#########.###.#.###.#######.#.#.#######.###.#####.#
#.#.#.#...#.........#...#.#.#.....#.#.#...#.......#...#...#.#
#.#.###.###.#########.#.#.#.#####.#.#.#####.#######.#.#.#.#.#
#.#...#...#...#.#.....#.#.......#.#.......#.#...#...#.#.#...#
#.###.###.###.#.#.#.###.#####.###.#######.#.#.#.#.###.#.###.#
#...#...#...#.#...#...#.....#.#...#.....#.#...#...#.#.#.#.#.#
###.#.#####.#.#.#####.#####.#.#.#.#.###.###########.#.#.#.#.#
#...#.....#...#.#...#...#...#.#.#.#...#.......#.......#.#...#
#.#######.#####.#.#.###.#.###.#.#.###.#######.#.#######.#.###
#.....#.#.....#.#.#...#.#...#.#.#...#...#...#...#.....#.#...#
#####.#.###.###.#####.#.#.###.#.###.###.#.#######.###.#.###.#
#...#.....#...#.#.....#.#.#...#.#.....#.#.#.....#.#.#...#...#
#.#.#####.###.#.#.#####.#.#.###.#######.#.#.###.#.#.#.#####.#
#.#.....#.#.#.#.#.#...#.#.#...#...#...#.#...#...#.#...#...#.#
#####.#.#.#.#.#.#.#.#.#.#####.###.#.#.#.#####.#.#.#####.#.#.#
#.....#.#.#.#...#...#.#.....#...#.#.#.........#.#.......#.#.#
#.#######.#.#####.###.#####.###.#.#.#####################.#.#
#.....#...#...#...#.#.....#...#.#...#.#.......#...........#.#
#.###.#.###.#.###.#.#.###.#.###.#####.#.#####.#.###########.#
#.#.#.#.#...#...#...#...#.#...#.....#.#.#...#.#.#...#.......#
#.#.#.#.###.###.#######.#.###.#####.#.#.#.#.#.#.#.###.#######
#...#.......#...........#...#.........#s#.#.....#...........#
#############################################################
direction 12 19 east
direction 49 36 north
direction 41 43 north
direction 4 47 southwest
direction 5 15 east
direction 5 31 southeast
direction 39 18 northeast
direction 9 53 west
direction 31 47 northwest
direction 9 5 east
distance 5 41 9.21954445729
distance 59 45 45.3982378513
distance 47 2 49.578221025
distance 7 3 36.6742416418
distance 33 3 40.7062648741
distance 35 7 38.275318418
distance 53 54 41.7851648316
distance 7 34 8.60232526704
distance 1 55 20.6155281281
distance 23 48 12.7279220614
optimal_path 37 35 north
optimal_path 15 22 east
optimal_path 11 59 north
optimal_path 35 3 west
optimal_path 25 51 east
optimal_path 14 53 north
optimal_path 58 35 south
optimal_path 25 21 south
optimal_path 9 36 east
optimal_path 59 23 west